// Jest Snapshot v1, https://goo.gl/fbAQLP

exports[`renders a snapshot 1`] = `
<div
  className="App"
>
  <header
    className="App-header"
  >
    <p>
      Edit 
      <code>
        src/App.js
      </code>
       and save to reload.
    </p>
    <h2>
       testing 123
    </h2>
    <ul>
      <li>
        test one
      </li>
      <li>
        test two
      </li>
      <li>
        test three
      </li>
    </ul>
    <a
      className="App-link"
      href="https://reactjs.org"
      rel="noopener noreferrer"
      target="_blank"
    >
      Learn React
    </a>
  </header>
</div>
`;
